Microchip MPLAB XC8 Compiler V2.40

Linker command line:

-W-3 \
  --edf=C:\Program Files\Microchip\xc8\v2.40\pic\dat\20220703182018_en.msgs \
  -cn -h+dist/default/production\Lab8.X.production.sym \
  --cmf=dist/default/production\Lab8.X.production.cmf -z -Q16F887 \
  -oC:\Users\jmuni\AppData\Local\Temp\xcAs118.4 --defsym=__MPLAB_BUILD=1 \
  --fixupoverflow=error -Mdist/default/production/Lab8.X.production.map \
  --md=C:\Users\jmuni\AppData\Local\Temp\xcAs118.dat -E1 -ver=XC8 Compiler \
  --acfsm=1493 -ACODE=00h-07FFhx4 -ASTRCODE=00h-01FFFh -ASTRING=00h-0FFhx32 \
  -ACONST=00h-0FFhx32 -AENTRY=00h-0FFhx32 -ACOMMON=070h-07Fh \
  -ABANK0=020h-06Fh -ABANK1=0A0h-0EFh -ABANK2=0110h-016Fh \
  -ABANK3=0190h-01EFh -ARAM=020h-06Fh,0A0h-0EFh,0110h-016Fh,0190h-01EFh \
  -AABS1=020h-07Fh,0A0h-0EFh,0110h-016Fh,0190h-01EFh -ASFR0=00h-01Fh \
  -ASFR1=080h-09Fh -ASFR2=0100h-010Fh -ASFR3=0180h-018Fh \
  -ACONFIG=02007h-02008h -DCONFIG=2 -AIDLOC=02000h-02003h -DIDLOC=2 \
  -AEEDATA=00h-0FFh/02100h -peeprom_data=EEDATA -DEEDATA=2 -DCODE=2 \
  -DSTRCODE=2 -DSTRING=2 -DCONST=2 -DENTRY=2 \
  -preset_vec=00h,intentry=04h,init,end_init -ppowerup=CODE -pcinit=CODE \
  -pfunctab=ENTRY -k C:\Users\jmuni\AppData\Local\Temp\xcAs118.o \
  dist/default/production\Lab8.X.production.o 

Object code version is 3.11

Machine type is 16F887



                Name                               Link     Load   Length Selector   Space Scale
C:\Users\jmuni\AppData\Local\Temp\xcAs118.o
                end_init                              C        C        3        8       0
                reset_vec                             0        0        3        0       0
                config                             2007     2007        2        0       4
                idloc                              2000     2000        4        0       5
dist/default/production\Lab8.X.production.o
                cinit                                 F        F        E        8       0
                intentry                              4        4        8        8       0
                config                             2007     2007        2        0       4
                idloc                              2000     2000        4        0       5
                text7                               20C      20C       21      2C2       0
                text6                               242      242        C      2C2       0
                text5                               1E7      1E7       25      2C2       0
                text4                               24E      24E        8      2C2       0
                text3                               22D      22D       15      2C2       0
                text2                               161      161       5A      2C2       0
                text1                               1BB      1BB       2C      2C2       0
                maintext                             1D       1D       90        8       0
                cstackBANK0                          24       24        3       20       1
                cstackCOMMON                         70       70        A       70       1
                dataBANK0                            27       27        1       20       1
                bssBANK0                             20       20        4       20       1
                strings                             100      100       61      200       0
                idataBANK0                          256      256        1      2C2       0

TOTAL           Name                               Link     Load   Length     Space
        CLASS   CODE           
                end_init                              C        C        3         0
                cinit                                 F        F        E         0
                intentry                              4        4        8         0
                reset_vec                             0        0        3         0
                text7                               20C      20C       21         0
                text6                               242      242        C         0
                text5                               1E7      1E7       25         0
                text4                               24E      24E        8         0
                text3                               22D      22D       15         0
                text2                               161      161       5A         0
                text1                               1BB      1BB       2C         0
                maintext                             1D       1D       90         0
                idataBANK0                          256      256        1         0

        CLASS   STRCODE        

        CLASS   STRING         
                strings                             100      100       61         0

        CLASS   CONST          

        CLASS   ENTRY          

        CLASS   COMMON         
                cstackCOMMON                         70       70        A         1

        CLASS   BANK0          
                cstackBANK0                          24       24        3         1
                dataBANK0                            27       27        1         1
                bssBANK0                             20       20        4         1

        CLASS   BANK1          

        CLASS   BANK2          

        CLASS   BANK3          

        CLASS   RAM            

        CLASS   ABS1           
                abs_s1                               7E       7E        2         1

        CLASS   SFR0           

        CLASS   SFR1           

        CLASS   SFR2           

        CLASS   SFR3           

        CLASS   CONFIG         
                config                             2007     2007        2         4

        CLASS   IDLOC          
                idloc                              2000     2000        4         5

        CLASS   EEDATA         

        CLASS   STACK          



SEGMENTS        Name                           Load    Length   Top    Selector   Space  Class     Delta

                reset_vec                      000000  000003  000003         0       0  CODE        2
                intentry                       000004  0000A9  0000AD         8       0  CODE        2
                bssBANK0                       000020  000008  000028        20       1  BANK0       1
                cstackCOMMON                   000070  00000A  00007A        70       1  COMMON      1
                strings                        000100  000061  000161       200       0  STRING      2
                text2                          000161  0000F6  000257       2C2       0  CODE        2


UNUSED ADDRESS RANGES

        Name                Unused          Largest block    Delta
        BANK0            0028-006F             48           1
        BANK1            00A0-00EF             50           1
        BANK2            0110-016F             60           1
        BANK3            0190-01EF             60           1
        CODE             0003-0003              1           2
                         00AD-00FF             53
                         0257-1FFF            800
        COMMON           007A-007D              4           1
        CONST            0003-0003              1           2
                         00AD-00FF             53
                         0257-1FFF            100
        EEDATA           2100-21FF            100           2
        ENTRY            0003-0003              1           2
                         00AD-00FF             53
                         0257-1FFF            100
        RAM              0028-006F             48           1
                         00A0-00EF             50
                         0110-016F             60
                         0190-01EF             60
        SFR0             0000-001F             20           1
        SFR1             0080-009F             20           1
        SFR2             0100-010F             10           1
        SFR3             0180-018F             10           1
        STRCODE          0003-0003              1           2
                         00AD-00FF             53
                         0257-1FFF           1DA9
        STRING           0003-0003              1           2
                         00AD-00FF             53
                         0257-1FFF            100

                                  Symbol Table

?_strcmp                 cstackCOMMON 0074
USART_print@i            cstackCOMMON 0075
USART_print@string       cstackCOMMON 0077
USART_send@data          cstackCOMMON 0074
_ADCON0bits              (abs)        001F
_ADCON1bits              (abs)        009F
_ADRESH                  (abs)        001E
_ANSEL                   (abs)        0188
_ANSELH                  (abs)        0189
_BAUDCTLbits             (abs)        0187
_INTCONbits              (abs)        000B
_OSCCONbits              (abs)        008F
_PIE1bits                (abs)        008C
_PIR1bits                (abs)        000C
_PORTA                   (abs)        0005
_PORTB                   (abs)        0006
_PORTD                   (abs)        0008
_RCIF                    (abs)        0065
_RCREG                   (abs)        001A
_RCSTAbits               (abs)        0018
_SPBRG                   (abs)        0099
_SPBRGH                  (abs)        009A
_TRISA                   (abs)        0085
_TRISB                   (abs)        0086
_TRISD                   (abs)        0088
_TRMT                    (abs)        04C1
_TXREG                   (abs)        0019
_TXSTAbits               (abs)        0098
_USART_print             text5        01E7
_USART_read              text4        024E
_USART_send              text6        0242
__Habs1                  abs1         0000
__Hbank0                 bank0        0000
__Hbank1                 bank1        0000
__Hbank2                 bank2        0000
__Hbank3                 bank3        0000
__HbssBANK0              bssBANK0     0000
__Hcinit                 cinit        001D
__Hclrtext               clrtext      0000
__Hcode                  code         0000
__Hcommon                common       0000
__Hconfig                config       2009
__HcstackBANK0           cstackBANK0  0000
__HcstackCOMMON          cstackCOMMON 0000
__HdataBANK0             dataBANK0    0000
__Heeprom_data           eeprom_data  0000
__Hend_init              end_init     000F
__Hfunctab               functab      0000
__HidataBANK0            idataBANK0   0000
__Hidloc                 idloc        2004
__Hinit                  init         000C
__Hintentry              intentry     000C
__Hmaintext              maintext     0000
__Hpowerup               powerup      0000
__Hram                   ram          0000
__Hreset_vec             reset_vec    0003
__Hsfr0                  sfr0         0000
__Hsfr1                  sfr1         0000
__Hsfr2                  sfr2         0000
__Hsfr3                  sfr3         0000
__Hspace_0               (abs)        0257
__Hspace_1               (abs)        007A
__Hspace_2               (abs)        0000
__Hspace_3               (abs)        0000
__Hspace_4               (abs)        4010
__Hstack                 stack        0000
__Hstrings               strings      0000
__Htext                  text         0000
__Labs1                  abs1         0000
__Lbank0                 bank0        0000
__Lbank1                 bank1        0000
__Lbank2                 bank2        0000
__Lbank3                 bank3        0000
__LbssBANK0              bssBANK0     0000
__Lcinit                 cinit        000F
__Lclrtext               clrtext      0000
__Lcode                  code         0000
__Lcommon                common       0000
__Lconfig                config       0000
__LcstackBANK0           cstackBANK0  0000
__LcstackCOMMON          cstackCOMMON 0000
__LdataBANK0             dataBANK0    0000
__Leeprom_data           eeprom_data  0000
__Lend_init              end_init     000C
__Lfunctab               functab      0000
__LidataBANK0            idataBANK0   0000
__Lidloc                 idloc        0000
__Linit                  init         000C
__Lintentry              intentry     0004
__Lmaintext              maintext     0000
__Lpowerup               powerup      0000
__Lram                   ram          0000
__Lreset_vec             reset_vec    0000
__Lsfr0                  sfr0         0000
__Lsfr1                  sfr1         0000
__Lsfr2                  sfr2         0000
__Lsfr3                  sfr3         0000
__Lspace_0               (abs)        0000
__Lspace_1               (abs)        0000
__Lspace_2               (abs)        0000
__Lspace_3               (abs)        0000
__Lspace_4               (abs)        0000
__Lstack                 stack        0000
__Lstrings               strings      0000
__Ltext                  text         0000
__S0                     (abs)        0257
__S1                     (abs)        007A
__S3                     (abs)        0000
___bmul                  text3        022D
___bmul@multiplicand     cstackCOMMON 0074
___bmul@multiplier       cstackCOMMON 0077
___bmul@product          cstackCOMMON 0076
___int_sp                stack        0000
___latbits               (abs)        0002
___sp                    stack        0000
___stackhi               (abs)        0000
___stacklo               (abs)        0000
__end_of_USART_print     text5        020C
__end_of_USART_read      text4        0256
__end_of_USART_send      text6        024E
__end_of___bmul          text3        0242
__end_of__initialization cinit        0019
__end_of__stringtab      strings      0106
__end_of_dato            strings      0107
__end_of_isr             text7        022D
__end_of_main            maintext     00AD
__end_of_setup           text2        01BB
__end_of_strcmp          text1        01E7
__initialization         cinit        000F
__pbssBANK0              bssBANK0     0020
__pcstackBANK0           cstackBANK0  0024
__pcstackCOMMON          cstackCOMMON 0070
__pdataBANK0             dataBANK0    0027
__pidataBANK0            idataBANK0   0256
__pintentry              intentry     0004
__pmaintext              maintext     001D
__pstrings               strings      0100
__ptext1                 text1        01BB
__ptext2                 text2        0161
__ptext3                 text3        022D
__ptext4                 text4        024E
__ptext5                 text5        01E7
__ptext6                 text6        0242
__ptext7                 text7        020C
__stringbase             strings      0105
__stringtab              strings      0100
_input                   bssBANK0     0022
_isr                     text7        020C
_main                    maintext     001D
_numero                  bssBANK0     0020
_setup                   text2        0161
_strcmp                  text1        01BB
btemp                    (abs)        007E
end_of_initialization    cinit        0019
interrupt_function       intentry     0004
intlevel0                functab      0000
intlevel1                functab      0000
intlevel2                functab      0000
intlevel3                functab      0000
intlevel4                functab      0000
intlevel5                functab      0000
main@highByte            cstackBANK0  0025
main@lowByte             cstackBANK0  0026
reset_vec                reset_vec    0000
saved_w                  (abs)        007E
start                    init         000C
start_initialization     cinit        000F
strcmp@r                 cstackCOMMON 0078
strcmp@s1                cstackCOMMON 0079
strcmp@s2                cstackCOMMON 0074
wtemp0                   (abs)        007E


MODULE INFORMATION

Module		Function		Class		Link	Load	Size
USART.c
		_USART_read    		CODE           	024E	0000	8
		_main          		CODE           	001D	0000	144
		_isr           		CODE           	020C	0000	33
		_setup         		CODE           	0161	0000	90
		_USART_print   		CODE           	01E7	0000	37
		_USART_send    		CODE           	0242	0000	12

USART.c estimated size: 324

C:\Program Files\Microchip\xc8\v2.40\pic\sources\c90\common\strcmp.c
		_strcmp        		CODE           	01BB	0000	44

C:\Program Files\Microchip\xc8\v2.40\pic\sources\c90\common\strcmp.c estimated size: 44

C:\Program Files\Microchip\xc8\v2.40\pic\sources\c90\common\Umul8.c
		___bmul        		CODE           	022D	0000	21

C:\Program Files\Microchip\xc8\v2.40\pic\sources\c90\common\Umul8.c estimated size: 21

shared
		__stringtab    		STRING         	0100	0000	6
		__initialization		CODE           	000F	0000	10
		_dato          		STRING         	0000	0000	0

shared estimated size: 16

